
> portal-client@0.1.0 test
> vitest run --passWithNoTests


 RUN  v4.1.5 /home/rodrigo/development/portal-client

 ✓ tests/page.test.ts (1 test) 9ms

 Test Files  1 passed (1)
      Tests  1 passed (1)
   Start at  19:25:42
   Duration  915ms (transform 34ms, setup 98ms, import 14ms, tests 9ms, environment 703ms)

